Microchip MPLAB XC8 Compiler V2.50

Linker command line:

-W-3 \
  --edf=C:\Program Files\Microchip\xc8\v2.50\pic\dat\20240725155939_en.msgs \
  -cn -h+dist/default/debug\TEST.X.debug.sym \
  --cmf=dist/default/debug\TEST.X.debug.cmf -z -Q12F675 \
  -oC:\Users\Family\AppData\Local\Temp\xcAssvo.\driver_tmp_3.o \
  --defsym=__MPLAB_BUILD=1 --fixupoverflow=error \
  -Mdist/default/debug/TEST.X.debug.map \
  --md=C:\Users\Family\AppData\Local\Temp\xcAssvo.\driver_tmp_0.dat -E1 \
  -ver=XC8 Compiler --acfsm=1493 -ACODE=00h-03FEh -ASTRCODE=00h-03FEh \
  -ASTRING=00h-0FFhx3,0300h-03FEh -ACONST=00h-0FFhx3,0300h-03FEh \
  -AENTRY=00h-0FFhx3,0300h-03FEh -ABANK0=020h-05Dh -ARAM=020h-05Dh \
  -AABS1=020h-05Fh -ACOMMON=05Eh-05Fh -ASFR0=00h-01Fh -ASFR1=080h-0DDh \
  -ACONFIG=02007h-02007h -DCONFIG=2 -AIDLOC=02000h-02003h -DIDLOC=2 \
  -AEEDATA=00h-07Fh/02100h -peeprom_data=EEDATA -DEEDATA=2 -DCODE=2 \
  -DSTRCODE=2 -DSTRING=2 -DCONST=2 -DENTRY=2 \
  -preset_vec=00h,intentry,sivt,init,end_init -ppowerup=CODE -pcinit=CODE \
  -pfunctab=ENTRY -posccal=03FFh -k \
  C:\Users\Family\AppData\Local\Temp\xcAssvo.\driver_tmp_12.o \
  dist/default/debug\TEST.X.debug.o 

Object code version is 3.11

Machine type is 12F675



                Name                               Link     Load   Length Selector   Space Scale
C:\Users\Family\AppData\Local\Temp\xcAssvo.\driver_tmp_12.o
                end_init                              0        0        1        0       0
                config                             2007     2007        1        0       4
dist/default/debug\TEST.X.debug.o
                cinit                               3FD      3FD        2      7FA       0
                config                             2007     2007        1        0       4
                text5                               399      399       64      732       0
                text4                               341      341       58      682       0
                text3                               300      300       41      600       0
                text2                               2CD      2CD       33      59A       0
                text1                               282      282       19      504       0
                maintext                            29B      29B       32      536       0
                cstackBANK0                          20       20       1A       20       1

TOTAL           Name                               Link     Load   Length     Space
        CLASS   CODE           
                end_init                              0        0        1         0
                cinit                               3FD      3FD        2         0
                text5                               399      399       64         0
                text4                               341      341       58         0
                text3                               300      300       41         0
                text2                               2CD      2CD       33         0
                text1                               282      282       19         0
                maintext                            29B      29B       32         0

        CLASS   STRCODE        

        CLASS   STRING         

        CLASS   CONST          

        CLASS   ENTRY          

        CLASS   BANK0          
                cstackBANK0                          20       20       1A         1

        CLASS   RAM            

        CLASS   ABS1           
                abs_s1                               5E       5E        2         1

        CLASS   COMMON         

        CLASS   SFR0           

        CLASS   SFR1           

        CLASS   CONFIG         
                config                             2007     2007        1         4

        CLASS   IDLOC          

        CLASS   EEDATA         

        CLASS   BANK1          

        CLASS   HEAP           

        CLASS   STACK          



SEGMENTS        Name                           Load    Length   Top    Selector   Space  Class     Delta

                reset_vec                      000000  000001  000001         0       0  CODE        2
                cstackBANK0                    000020  00001A  00003A        20       1  BANK0       1
                text1                          000282  000019  00029B       504       0  CODE        2
                maintext                       00029B  000032  0002CD       536       0  CODE        2
                text2                          0002CD  000033  000300       59A       0  CODE        2
                text3                          000300  000041  000341       600       0  CODE        2
                text4                          000341  000058  000399       682       0  CODE        2
                text5                          000399  000064  0003FD       732       0  CODE        2
                cinit                          0003FD  000002  0003FF       7FA       0  CODE        2


UNUSED ADDRESS RANGES

        Name                Unused          Largest block    Delta
        BANK0            003A-005D             24           1
        CODE             0001-0281            281           2
        CONST            0001-0281            100           2
        EEDATA           2100-217F             80           2
        ENTRY            0001-0281            100           2
        IDLOC            2000-2003              4           2
        RAM              003A-005D             24           1
        SFR0             0000-001F             20           1
        SFR1             0080-00DD             5E           1
        STRCODE          0001-0281            281           2
        STRING           0001-0281            100           2

                                  Symbol Table

?___awdiv                cstackBANK0  0020
?___awmod                cstackBANK0  0028
_GP1                     (abs)        0029
_GP2                     (abs)        002A
_GP5                     (abs)        002D
_TRISIO                  (abs)        0085
__H__absolute__          __absolute__ 0000
__Habs1                  abs1         07FE
__Hbank0                 bank0        07FE
__Hbank1                 bank1        07FE
__Hcinit                 cinit        03FF
__Hclrtext               clrtext      07FE
__Hcode                  code         07FE
__Hcommon                common       07FE
__Hconfig                config       2008
__HcstackBANK0           cstackBANK0  07FE
__HcstackCOMMON          cstackCOMMON 07FE
__Heeprom_data           eeprom_data  0000
__Hend_init              end_init     0001
__Hfunctab               functab      0000
__Hheap                  heap         07FE
__Hinit                  init         0000
__Hintentry              intentry     0000
__Hmaintext              maintext     07FE
__Hosccal                osccal       03FF
__Hpowerup               powerup      0000
__Hram                   ram          07FE
__Hreset_vec             reset_vec    0000
__Hsfr0                  sfr0         07FE
__Hsfr1                  sfr1         07FE
__Hsivt                  sivt         0000
__Hspace_0               (abs)        07FE
__Hspace_1               (abs)        07FE
__Hspace_2               (abs)        07FE
__Hspace_3               (abs)        0000
__Hspace_4               (abs)        400F
__Hstack                 stack        07FE
__Hstrings               strings      07FE
__Htext                  text         07FE
__L__absolute__          __absolute__ 0000
__Labs1                  abs1         07FE
__Lbank0                 bank0        07FE
__Lbank1                 bank1        07FE
__Lcinit                 cinit        03FD
__Lclrtext               clrtext      07FE
__Lcode                  code         07FE
__Lcommon                common       07FE
__Lconfig                config       0000
__LcstackBANK0           cstackBANK0  07FE
__LcstackCOMMON          cstackCOMMON 07FE
__Leeprom_data           eeprom_data  0000
__Lend_init              end_init     0000
__Lfunctab               functab      0000
__Lheap                  heap         07FE
__Linit                  init         0000
__Lintentry              intentry     0000
__Lmaintext              maintext     07FE
__Losccal                osccal       03FF
__Lpowerup               powerup      0000
__Lram                   ram          07FE
__Lreset_vec             reset_vec    0000
__Lsfr0                  sfr0         07FE
__Lsfr1                  sfr1         07FE
__Lsivt                  sivt         0000
__Lspace_0               (abs)        0000
__Lspace_1               (abs)        0000
__Lspace_2               (abs)        0000
__Lspace_3               (abs)        0000
__Lspace_4               (abs)        0000
__Lstack                 stack        07FE
__Lstrings               strings      07FE
__Ltext                  text         07FE
__S0                     (abs)        03FF
__S1                     (abs)        003A
__S3                     (abs)        0000
___awdiv                 text5        0399
___awdiv@counter         cstackBANK0  0024
___awdiv@dividend        cstackBANK0  0022
___awdiv@divisor         cstackBANK0  0020
___awdiv@quotient        cstackBANK0  0026
___awdiv@sign            cstackBANK0  0025
___awmod                 text4        0341
___awmod@counter         cstackBANK0  002C
___awmod@dividend        cstackBANK0  002A
___awmod@divisor         cstackBANK0  0028
___awmod@sign            cstackBANK0  002D
___heap_hi               (abs)        0000
___heap_lo               (abs)        0000
___int_sp                stack        07FE
___int_stack_hi          stack        07FE
___int_stack_lo          stack        07FE
___latbits               (abs)        0000
___osccal_val            osccal       03FF
___sp                    stack        07FE
___stack_hi              stack        07FE
___stack_lo              stack        07FE
___stackhi               (abs)        0000
___stacklo               (abs)        0000
__end_of___awdiv         text5        03FD
__end_of___awmod         text4        0399
__end_of__initialization cinit        03FD
__end_of_display_number  text2        0300
__end_of_main            maintext     02CD
__end_of_max7219_init    text1        029B
__end_of_send_to_max7219 text3        0341
__initialization         cinit        03FD
__pcstackBANK0           cstackBANK0  0020
__pcstackCOMMON          cstackCOMMON 0000
__pmaintext              maintext     029B
__ptext1                 text1        0282
__ptext2                 text2        02CD
__ptext3                 text3        0300
__ptext4                 text4        0341
__ptext5                 text5        0399
_display_number          text2        02CD
_main                    maintext     029B
_max7219_init            text1        0282
_send_to_max7219         text3        0300
btemp                    (abs)        005E
display_number@num       cstackBANK0  0033
end_of_initialization    cinit        03FD
intlevel0                functab      0000
intlevel1                functab      0000
intlevel2                functab      0000
intlevel3                functab      0000
intlevel4                functab      0000
intlevel5                functab      0000
main@count               cstackBANK0  0038
reset_vec                reset_vec    0000
send_to_max7219@address  cstackBANK0  0030
send_to_max7219@data     cstackBANK0  002E
send_to_max7219@i        cstackBANK0  0031
send_to_max7219@i_36     cstackBANK0  0032
start                    init         0000
start_initialization     cinit        03FD
wtemp0                   (abs)        005E


MODULE INFORMATION

Module		Function		Class		Link	Load	Size
C:\Program Files\Microchip\xc8\v2.50\pic\sources\c99\common\awmod.c
		___awmod       		CODE           	0341	0000	88

C:\Program Files\Microchip\xc8\v2.50\pic\sources\c99\common\awmod.c estimated size: 88

shared
		__initialization		CODE           	03FD	0000	1

shared estimated size: 1

C:\Program Files\Microchip\xc8\v2.50\pic\sources\c99\common\awdiv.c
		___awdiv       		CODE           	0399	0000	100

C:\Program Files\Microchip\xc8\v2.50\pic\sources\c99\common\awdiv.c estimated size: 100

main.c
		_main          		CODE           	029B	0000	50
		_display_number		CODE           	02CD	0000	51
		_send_to_max7219		CODE           	0300	0000	65
		_max7219_init  		CODE           	0282	0000	25

main.c estimated size: 191

