Microchip MPLAB XC8 Compiler V2.50

Linker command line:

-W-3 \
  --edf=C:\Program Files\Microchip\xc8\v2.50\pic\dat\20240725155939_en.msgs \
  -cn -h+.ca/dist/Config_1/production\test_project_blink.X.production.sym \
  --cmf=.ca/dist/Config_1/production\test_project_blink.X.production.cmf -z \
  -w9 --disl=596:off --norlf -Q12F675 \
  -oC:\Users\Family\AppData\Local\Temp\xcBsndc.1\driver_tmp_3.o \
  --defsym=__MPLAB_BUILD=1 \
  -M.ca/dist/Config_1/production/test_project_blink.X.production.map \
  --md=C:\Users\Family\AppData\Local\Temp\xcBsndc.1\driver_tmp_0.dat -E1 \
  -ver=XC8 Compiler --acfsm=1493 -ACODE=00h-03FFh -ASTRCODE=00h-03FFh \
  -ASTRING=00h-0FFhx4 -ACONST=00h-0FFhx4 -AENTRY=00h-0FFhx4 \
  -ABANK0=020h-05Dh -ARAM=020h-05Dh -AABS1=020h-05Fh -ACOMMON=05Eh-05Fh \
  -ASFR0=00h-01Fh -ASFR1=080h-0DDh -ACONFIG=02007h-02007h -DCONFIG=2 \
  -AIDLOC=02000h-02003h -DIDLOC=2 -AEEDATA=00h-07Fh/02100h \
  -peeprom_data=EEDATA -DEEDATA=2 -DCODE=2 -DSTRCODE=2 -DSTRING=2 -DCONST=2 \
  -DENTRY=2 -preset_vec=00h,intentry=04h,sivt,init,end_init -ppowerup=CODE \
  -pcinit=CODE -pfunctab=ENTRY -posccal=03FFh -k \
  C:\Users\Family\AppData\Local\Temp\xcBsndc.1\driver_tmp_13.o \
  .ca/dist/Config_1/production\test_project_blink.X.production.o 

Object code version is 3.11

Machine type is 12F675



                Name                               Link     Load   Length Selector   Space Scale
C:\Users\Family\AppData\Local\Temp\xcBsndc.1\driver_tmp_13.o
                end_init                              4        4        2        8       0
                reset_vec                             0        0        1        0       0
                config                             2007     2007        1        0       4
.ca/dist/Config_1/production\test_project_blink.X.production.o
                cinit                                 6        6        7        8       0
                config                             2007     2007        1        0       4
                text7                               36D      36D       2F      67C       0
                text6                               39C      39C       2D      67C       0
                text5                               33E      33E       2F      67C       0
                text4                               1FA      1FA       75        8       0
                text3                                 D        D      100        8       0
                text2                               26F      26F       24        8       0
                text1                               10D      10D       ED        8       0
                maintext                            3C9      3C9       27      67C       0
                cstackBANK0                          20       20       19       20       1
                bssBANK0                             39       39        4       20       1
                stringtext                          300      300       3E        6       0

TOTAL           Name                               Link     Load   Length     Space
        CLASS   CODE           
                end_init                              4        4        2         0
                cinit                                 6        6        7         0
                reset_vec                             0        0        1         0
                text7                               36D      36D       2F         0
                text6                               39C      39C       2D         0
                text5                               33E      33E       2F         0
                text4                               1FA      1FA       75         0
                text3                                 D        D      100         0
                text2                               26F      26F       24         0
                text1                               10D      10D       ED         0
                maintext                            3C9      3C9       27         0

        CLASS   STRCODE        
                stringtext                          300      300       3E         0

        CLASS   STRING         

        CLASS   CONST          

        CLASS   ENTRY          

        CLASS   BANK0          
                cstackBANK0                          20       20       19         1
                bssBANK0                             39       39        4         1

        CLASS   RAM            

        CLASS   ABS1           
                abs_s1                               5E       5E        2         1

        CLASS   COMMON         

        CLASS   SFR0           

        CLASS   SFR1           

        CLASS   CONFIG         
                config                             2007     2007        1         4

        CLASS   IDLOC          

        CLASS   EEDATA         

        CLASS   BANK1          

        CLASS   HEAP           

        CLASS   STACK          



SEGMENTS        Name                           Load    Length   Top    Selector   Space  Class     Delta

                reset_vec                      000000  000001  000001         0       0  CODE        2
                intentry                       000004  00028F  000293         8       0  CODE        2
                cstackBANK0                    000020  00001D  00003D        20       1  BANK0       1
                stringtext                     000300  00003E  00033E         6       0  STRCODE     2
                text5                          00033E  0000B2  0003F0       67C       0  CODE        2


UNUSED ADDRESS RANGES

        Name                Unused          Largest block    Delta
        BANK0            003D-005D             21           1
        CODE             0001-0003              3           2
                         0293-02FF             6D
                         03F0-03FF             10
        CONST            0001-0003              3           2
                         0293-02FF             6D
                         03F0-03FF             10
        EEDATA           2100-217F             80           2
        ENTRY            0001-0003              3           2
                         0293-02FF             6D
                         03F0-03FF             10
        IDLOC            2000-2003              4           2
        RAM              003D-005D             21           1
        SFR0             0000-001F             20           1
        SFR1             0080-00DD             5E           1
        STRCODE          0001-0003              3           2
                         0293-02FF             6D
                         03F0-03FF             10
        STRING           0001-0003              3           2
                         0293-02FF             6D
                         03F0-03FF             10

                                  Symbol Table

_Spi_Configurations                           
__H__absolute__              __absolute__ 0000
__Heeprom_data               eeprom_data  0000
__Hfunctab                   functab      0000
__Hpowerup                   powerup      0000
__Hspace_3                   (abs)        0000
__L__absolute__              __absolute__ 0000
__Lconfig                    config       0000
__Leeprom_data               eeprom_data  0000
__Lfunctab                   functab      0000
__Lpowerup                   powerup      0000
__Lreset_vec                 reset_vec    0000
__Lspace_0                   (abs)        0000
__Lspace_1                   (abs)        0000
__Lspace_2                   (abs)        0000
__Lspace_3                   (abs)        0000
__Lspace_4                   (abs)        0000
__S3                         (abs)        0000
___heap_hi                   (abs)        0000
___heap_lo                   (abs)        0000
___latbits                   (abs)        0000
___stackhi                   (abs)        0000
___stacklo                   (abs)        0000
__pcstackCOMMON              cstackCOMMON 0000
intlevel0                    functab      0000
intlevel1                    functab      0000
intlevel2                    functab      0000
intlevel3                    functab      0000
intlevel4                    functab      0000
intlevel5                    functab      0000
reset_vec                    reset_vec    0000
__Hreset_vec                 reset_vec    0001
_GPIO                        (abs)        0005
__Hinit                      init         0004
__Hintentry                  intentry     0004
__Hsivt                      sivt         0004
__Lend_init                  end_init     0004
__Linit                      init         0004
__Lintentry                  intentry     0004
__Lsivt                      sivt         0004
start                        init         0004
__Hend_init                  end_init     0006
__Lcinit                     cinit        0006
__initialization             cinit        0006
start_initialization         cinit        0006
_T1CON                       (abs)        0010
__end_of__initialization     cinit        000B
end_of_initialization        cinit        000B
_CMCON                       (abs)        0019
_Dio_Init                    text3        000D
__Hcinit                     cinit        000D
__ptext3                     text3        000D
_ADRESH                      (abs)        001E
_ADCON0                      (abs)        001F
?_Adc_ReadResult             cstackBANK0  0020
Adc_Init_pin@format          cstackBANK0  0020
Dio_WritePin@state           cstackBANK0  0020
Gpio_Init@ConfigPtr          cstackBANK0  0020
Gpio_Pin_Dio@direction       cstackBANK0  0020
__pcstackBANK0               cstackBANK0  0020
Adc_Init_pin@channel         cstackBANK0  0021
Adc_StartConversion@channel  cstackBANK0  0021
Gpio_Pin_Dio@state           cstackBANK0  0021
Dio_WritePin@pinNumber       cstackBANK0  0022
Gpio_Pin_Dio@pullType        cstackBANK0  0022
Gpio_Pin_Dio@pinNumber       cstackBANK0  0024
Dio_Init@ConfigPtr           cstackBANK0  0025
Gpio_Init@function           cstackBANK0  0027
Gpio_Init@i                  cstackBANK0  0028
Gpio_Init@pinNumber          cstackBANK0  0029
Dio_Init@result              cstackBANK0  0037
Dio_Init@i                   cstackBANK0  0038
__pbssBANK0                  bssBANK0     0039
_analog                      bssBANK0     0039
_Gpio_State@Dio$F200         bssBANK0     003B
__S1                         (abs)        003D
_OPTION_REG                  (abs)        0081
_TRISIO                      (abs)        0085
_WPU                         (abs)        0095
_VRCON                       (abs)        0099
_ADRESL                      (abs)        009E
_ANSEL                       (abs)        009F
_Gpio_Init                   text1        010D
__end_of_Dio_Init            text3        010D
__ptext1                     text1        010D
__S0                         (abs)        03F0
_Gpio_Pin_Dio                text4        01FA
__end_of_Gpio_Init           text1        01FA
__ptext4                     text4        01FA
_Dio_WritePin                text2        026F
__end_of_Gpio_Pin_Dio        text4        026F
__ptext2                     text2        026F
__end_of_Dio_WritePin        text2        0293
__pstringtext                stringtext   0300
__stringtab                  stringtext   0300
__end_of__stringtab          stringtext   0312
__stringbase                 stringtext   0312
_Dio_Configurations          stringtext   031A
__end_of_Adc_Configurations  stringtext   031A
_Gpio_Configurations         stringtext   0332
__end_of_Dio_Configurations  stringtext   0332
_Adc_StartConversion         text5        033E
__end_of_Gpio_Configurations stringtext   033E
__ptext5                     text5        033E
_Adc_Init_pin                text7        036D
__end_of_Adc_StartConversion text5        036D
__ptext7                     text7        036D
_Adc_ReadResult              text6        039C
__end_of_Adc_Init_pin        text7        039C
__ptext6                     text6        039C
__end_of_Adc_ReadResult      text6        03C9
__pmaintext                  maintext     03C9
_main                        maintext     03C9
__end_of_main                maintext     03F0
__Habs1                      abs1         07FE
__Hbank0                     bank0        07FE
__Hbank1                     bank1        07FE
__HbssBANK0                  bssBANK0     07FE
__Hclrtext                   clrtext      07FE
__Hcode                      code         07FE
__Hcommon                    common       07FE
__HcstackBANK0               cstackBANK0  07FE
__HcstackCOMMON              cstackCOMMON 07FE
__Hheap                      heap         07FE
__Hmaintext                  maintext     07FE
__Hosccal                    osccal       03FF
__Hram                       ram          07FE
__Hsfr0                      sfr0         07FE
__Hsfr1                      sfr1         07FE
__Hspace_0                   (abs)        07FE
__Hspace_1                   (abs)        07FE
__Hspace_2                   (abs)        07FE
__Hstack                     stack        07FE
__Hstrings                   strings      07FE
__Hstringtext                stringtext   07FE
__Htext                      text         07FE
__Labs1                      abs1         07FE
__Lbank0                     bank0        07FE
__Lbank1                     bank1        07FE
__LbssBANK0                  bssBANK0     07FE
__Lclrtext                   clrtext      07FE
__Lcode                      code         07FE
__Lcommon                    common       07FE
__LcstackBANK0               cstackBANK0  07FE
__LcstackCOMMON              cstackCOMMON 07FE
__Lheap                      heap         07FE
__Lmaintext                  maintext     07FE
__Losccal                    osccal       03FF
__Lram                       ram          07FE
__Lsfr0                      sfr0         07FE
__Lsfr1                      sfr1         07FE
__Lstack                     stack        07FE
__Lstrings                   strings      07FE
__Lstringtext                stringtext   07FE
__Ltext                      text         07FE
___int_sp                    stack        07FE
___int_stack_hi              stack        07FE
___int_stack_lo              stack        07FE
___osccal_val                osccal       03FF
___sp                        stack        07FE
___stack_hi                  stack        07FE
___stack_lo                  stack        07FE
__Hspace_4                   (abs)        400F
__Hconfig                    config       2008
btemp                        (abs)        005E
wtemp0                       (abs)        005E
