Microchip MPLAB XC8 Compiler V2.50

Linker command line:

-W-3 \
  --edf=C:\Program Files\Microchip\xc8\v2.50\pic\dat\20240725155939_en.msgs \
  -cn -h+dist/default/production\Latch_NewPins.X.production.sym \
  --cmf=dist/default/production\Latch_NewPins.X.production.cmf -z -Q12F675 \
  -oC:\Users\Family\AppData\Local\Temp\xcAsjss.\driver_tmp_3.o \
  --defsym=__MPLAB_BUILD=1 --fixupoverflow=error \
  -Mdist/default/production/Latch_NewPins.X.production.map \
  --md=C:\Users\Family\AppData\Local\Temp\xcAsjss.\driver_tmp_0.dat -E1 \
  -ver=XC8 Compiler --acfsm=1493 -ACODE=00h-03FEh -ASTRCODE=00h-03FEh \
  -ASTRING=00h-0FFhx3,0300h-03FEh -ACONST=00h-0FFhx3,0300h-03FEh \
  -AENTRY=00h-0FFhx3,0300h-03FEh -ABANK0=020h-05Dh -ARAM=020h-05Dh \
  -AABS1=020h-05Fh -ACOMMON=05Eh-05Fh -ASFR0=00h-01Fh -ASFR1=080h-0DDh \
  -ACONFIG=02007h-02007h -DCONFIG=2 -AIDLOC=02000h-02003h -DIDLOC=2 \
  -AEEDATA=00h-07Fh/02100h -peeprom_data=EEDATA -DEEDATA=2 -DCODE=2 \
  -DSTRCODE=2 -DSTRING=2 -DCONST=2 -DENTRY=2 \
  -preset_vec=00h,intentry=04h,sivt,init,end_init -ppowerup=CODE \
  -pcinit=CODE -pfunctab=ENTRY -posccal=03FFh -k \
  C:\Users\Family\AppData\Local\Temp\xcAsjss.\driver_tmp_12.o \
  dist/default/production\Latch_NewPins.X.production.o 

Object code version is 3.11

Machine type is 12F675



                Name                               Link     Load   Length Selector   Space Scale
C:\Users\Family\AppData\Local\Temp\xcAsjss.\driver_tmp_12.o
                end_init                              B        B        1        8       0
                reset_vec                             0        0        1        0       0
                config                             2007     2007        1        0       4
dist/default/production\Latch_NewPins.X.production.o
                cinit                                 C        C        E        8       0
                intentry                              4        4        7        8       0
                config                             2007     2007        1        0       4
                text10                              1DD      1DD       21        8       0
                text9                               1BB      1BB       22        8       0
                text8                               231      231       11        8       0
                text7                               242      242        B        8       0
                text6                               156      156       43        8       0
                text5                               219      219       18        8       0
                text4                               199      199       22        8       0
                text3                               1FE      1FE       1B        8       0
                text2                                AA       AA       65        8       0
                text1                               10F      10F       47        8       0
                maintext                             1A       1A       90        8       0
                cstackBANK0                          20       20       32       20       1
                bssBANK0                             52       52        B       20       1

TOTAL           Name                               Link     Load   Length     Space
        CLASS   CODE           
                end_init                              B        B        1         0
                cinit                                 C        C        E         0
                intentry                              4        4        7         0
                reset_vec                             0        0        1         0
                text10                              1DD      1DD       21         0
                text9                               1BB      1BB       22         0
                text8                               231      231       11         0
                text7                               242      242        B         0
                text6                               156      156       43         0
                text5                               219      219       18         0
                text4                               199      199       22         0
                text3                               1FE      1FE       1B         0
                text2                                AA       AA       65         0
                text1                               10F      10F       47         0
                maintext                             1A       1A       90         0

        CLASS   STRCODE        

        CLASS   STRING         

        CLASS   CONST          

        CLASS   ENTRY          

        CLASS   BANK0          
                cstackBANK0                          20       20       32         1
                bssBANK0                             52       52        B         1

        CLASS   RAM            

        CLASS   ABS1           
                abs_s1                               5E       5E        2         1

        CLASS   COMMON         

        CLASS   SFR0           

        CLASS   SFR1           

        CLASS   CONFIG         
                config                             2007     2007        1         4

        CLASS   IDLOC          

        CLASS   EEDATA         

        CLASS   BANK1          

        CLASS   HEAP           

        CLASS   STACK          



SEGMENTS        Name                           Load    Length   Top    Selector   Space  Class     Delta

                reset_vec                      000000  000001  000001         0       0  CODE        2
                intentry                       000004  000249  00024D         8       0  CODE        2
                cstackBANK0                    000020  00003D  00005D        20       1  BANK0       1


UNUSED ADDRESS RANGES

        Name                Unused          Largest block    Delta
        BANK0            005D-005D              1           1
        CODE             0001-0003              3           2
                         024D-03FE            1B2
        CONST            0001-0003              3           2
                         024D-03FE             B3
        EEDATA           2100-217F             80           2
        ENTRY            0001-0003              3           2
                         024D-03FE             B3
        IDLOC            2000-2003              4           2
        RAM              005D-005D              1           1
        SFR0             0000-001F             20           1
        SFR1             0080-00DD             5E           1
        STRCODE          0001-0003              3           2
                         024D-03FE            1B2
        STRING           0001-0003              3           2
                         024D-03FE             B3

                                  Symbol Table

?_AdcReadResult              cstackBANK0  0020
?___lldiv                    cstackBANK0  0038
?___lmul                     cstackBANK0  002B
ADC_StartConversion@channel  cstackBANK0  0021
DioPinWrite@pinNumber        cstackBANK0  002D
DioPinWrite@state            cstackBANK0  002B
_ADCON0                      (abs)        001F
_ADCStatus                   bssBANK0     0059
_ADC_StartConversion         text8        0231
_ADC_interrupt               text9        01BB
_ADRESH                      (abs)        001E
_ADRESL                      (abs)        009E
_ANSEL                       (abs)        009F
_AdcReadResult               text10       01DD
_DebounceCounter             bssBANK0     0057
_DioPinWrite                 text4        0199
_DioState                    bssBANK0     005A
_DispenserOn                 bssBANK0     0058
_GPIO                        (abs)        0005
_INTCON                      (abs)        000B
_ISR                         text5        0219
_InitAll                     text3        01FE
_LastSensorInValue           bssBANK0     0052
_NegativeEdge                text7        0242
_OPTION_REG                  (abs)        0081
_PIE1                        (abs)        008C
_PIR1                        (abs)        000C
_PotInValue                  bssBANK0     005B
_SensorInValue               bssBANK0     0054
_T1CON                       (abs)        0010
_TMR1                        (abs)        000E
_TRISIO                      (abs)        0085
_Timer1_interrupt            text6        0156
_WPU                         (abs)        0095
__H__absolute__              __absolute__ 0000
__Habs1                      abs1         07FE
__Hbank0                     bank0        07FE
__Hbank1                     bank1        07FE
__HbssBANK0                  bssBANK0     07FE
__Hcinit                     cinit        001A
__Hclrtext                   clrtext      07FE
__Hcode                      code         07FE
__Hcommon                    common       07FE
__Hconfig                    config       2008
__HcstackBANK0               cstackBANK0  07FE
__HcstackCOMMON              cstackCOMMON 07FE
__Heeprom_data               eeprom_data  0000
__Hend_init                  end_init     000C
__Hfunctab                   functab      0000
__Hheap                      heap         07FE
__Hinit                      init         000B
__Hintentry                  intentry     000B
__Hmaintext                  maintext     07FE
__Hosccal                    osccal       03FF
__Hpowerup                   powerup      0000
__Hram                       ram          07FE
__Hreset_vec                 reset_vec    0001
__Hsfr0                      sfr0         07FE
__Hsfr1                      sfr1         07FE
__Hsivt                      sivt         000B
__Hspace_0                   (abs)        07FE
__Hspace_1                   (abs)        07FE
__Hspace_2                   (abs)        07FE
__Hspace_3                   (abs)        0000
__Hspace_4                   (abs)        400F
__Hstack                     stack        07FE
__Hstrings                   strings      07FE
__Htext                      text         07FE
__L__absolute__              __absolute__ 0000
__Labs1                      abs1         07FE
__Lbank0                     bank0        07FE
__Lbank1                     bank1        07FE
__LbssBANK0                  bssBANK0     07FE
__Lcinit                     cinit        000C
__Lclrtext                   clrtext      07FE
__Lcode                      code         07FE
__Lcommon                    common       07FE
__Lconfig                    config       0000
__LcstackBANK0               cstackBANK0  07FE
__LcstackCOMMON              cstackCOMMON 07FE
__Leeprom_data               eeprom_data  0000
__Lend_init                  end_init     000B
__Lfunctab                   functab      0000
__Lheap                      heap         07FE
__Linit                      init         000B
__Lintentry                  intentry     0004
__Lmaintext                  maintext     07FE
__Losccal                    osccal       03FF
__Lpowerup                   powerup      0000
__Lram                       ram          07FE
__Lreset_vec                 reset_vec    0000
__Lsfr0                      sfr0         07FE
__Lsfr1                      sfr1         07FE
__Lsivt                      sivt         000B
__Lspace_0                   (abs)        0000
__Lspace_1                   (abs)        0000
__Lspace_2                   (abs)        0000
__Lspace_3                   (abs)        0000
__Lspace_4                   (abs)        0000
__Lstack                     stack        07FE
__Lstrings                   strings      07FE
__Ltext                      text         07FE
__S0                         (abs)        024D
__S1                         (abs)        005D
__S3                         (abs)        0000
___heap_hi                   (abs)        0000
___heap_lo                   (abs)        0000
___int_sp                    stack        07FE
___int_stack_hi              stack        07FE
___int_stack_lo              stack        07FE
___latbits                   (abs)        0000
___lldiv                     text2        00AA
___lldiv@counter             cstackBANK0  0045
___lldiv@dividend            cstackBANK0  003C
___lldiv@divisor             cstackBANK0  0038
___lldiv@quotient            cstackBANK0  0041
___lmul                      text1        010F
___lmul@multiplicand         cstackBANK0  002F
___lmul@multiplier           cstackBANK0  002B
___lmul@product              cstackBANK0  0034
___osccal_val                osccal       03FF
___sp                        stack        07FE
___stack_hi                  stack        07FE
___stack_lo                  stack        07FE
___stackhi                   (abs)        0000
___stacklo                   (abs)        0000
__end_of_ADC_StartConversion text8        0242
__end_of_ADC_interrupt       text9        01DD
__end_of_AdcReadResult       text10       01FE
__end_of_DioPinWrite         text4        01BB
__end_of_ISR                 text5        0231
__end_of_InitAll             text3        0219
__end_of_NegativeEdge        text7        024D
__end_of_Timer1_interrupt    text6        0199
__end_of___lldiv             text2        010F
__end_of___lmul              text1        0156
__end_of__initialization     cinit        0018
__end_of_main                maintext     00AA
__initialization             cinit        000C
__pbssBANK0                  bssBANK0     0052
__pcstackBANK0               cstackBANK0  0020
__pcstackCOMMON              cstackCOMMON 0000
__pintentry                  intentry     0004
__pmaintext                  maintext     001A
__ptext1                     text1        010F
__ptext10                    text10       01DD
__ptext2                     text2        00AA
__ptext3                     text3        01FE
__ptext4                     text4        0199
__ptext5                     text5        0219
__ptext6                     text6        0156
__ptext7                     text7        0242
__ptext8                     text8        0231
__ptext9                     text9        01BB
_flag                        bssBANK0     0056
_main                        maintext     001A
_main$695                    cstackBANK0  004A
btemp                        (abs)        005E
end_of_initialization        cinit        0018
interrupt_function           intentry     0004
intlevel0                    functab      0000
intlevel1                    functab      0000
intlevel2                    functab      0000
intlevel3                    functab      0000
intlevel4                    functab      0000
intlevel5                    functab      0000
main@Counter                 cstackBANK0  004E
reset_vec                    reset_vec    0000
saved_w                      (abs)        005E
start                        init         000B
start_initialization         cinit        000C
wtemp0                       (abs)        005E


MODULE INFORMATION

Module		Function		Class		Link	Load	Size
C:\Program Files\Microchip\xc8\v2.50\pic\sources\c99\common\Umul32.c
		___lmul        		CODE           	010F	0000	71

C:\Program Files\Microchip\xc8\v2.50\pic\sources\c99\common\Umul32.c estimated size: 71

C:\Program Files\Microchip\xc8\v2.50\pic\sources\c99\common\__lldiv.c
		___lldiv       		CODE           	00AA	0000	101

C:\Program Files\Microchip\xc8\v2.50\pic\sources\c99\common\__lldiv.c estimated size: 101

shared
		__initialization		CODE           	000C	0000	12

shared estimated size: 12

main.c
		_ADC_interrupt 		CODE           	01BB	0000	34
		_ISR           		CODE           	0219	0000	24
		_NegativeEdge  		CODE           	0242	0000	11
		_main          		CODE           	001A	0000	144
		_InitAll       		CODE           	01FE	0000	27
		_DioPinWrite   		CODE           	0199	0000	34
		_ADC_StartConversion		CODE           	0231	0000	17
		_Timer1_interrupt		CODE           	0156	0000	67
		_AdcReadResult 		CODE           	01DD	0000	33

main.c estimated size: 391

