Microchip MPLAB XC8 Compiler V2.50

Linker command line:

-W-3 \
  --edf=C:\Program Files\Microchip\xc8\v2.50\pic\dat\20240725155939_en.msgs \
  -cn -h+dist/default/production\testawy.X.production.sym \
  --cmf=dist/default/production\testawy.X.production.cmf -z -Q12F675 \
  -oC:\Users\Family\AppData\Local\Temp\xcAsmqk.\driver_tmp_3.o \
  --defsym=__MPLAB_BUILD=1 --fixupoverflow=error \
  -Mdist/default/production/testawy.X.production.map \
  --md=C:\Users\Family\AppData\Local\Temp\xcAsmqk.\driver_tmp_0.dat -E1 \
  -ver=XC8 Compiler --acfsm=1493 -ACODE=00h-03FEh -ASTRCODE=00h-03FEh \
  -ASTRING=00h-0FFhx3,0300h-03FEh -ACONST=00h-0FFhx3,0300h-03FEh \
  -AENTRY=00h-0FFhx3,0300h-03FEh -ABANK0=020h-05Dh -ARAM=020h-05Dh \
  -AABS1=020h-05Fh -ACOMMON=05Eh-05Fh -ASFR0=00h-01Fh -ASFR1=080h-0DDh \
  -ACONFIG=02007h-02007h -DCONFIG=2 -AIDLOC=02000h-02003h -DIDLOC=2 \
  -AEEDATA=00h-07Fh/02100h -peeprom_data=EEDATA -DEEDATA=2 -DCODE=2 \
  -DSTRCODE=2 -DSTRING=2 -DCONST=2 -DENTRY=2 \
  -preset_vec=00h,intentry=04h,sivt,init,end_init -ppowerup=CODE \
  -pcinit=CODE -pfunctab=ENTRY -posccal=03FFh -k \
  C:\Users\Family\AppData\Local\Temp\xcAsmqk.\driver_tmp_12.o \
  dist/default/production\testawy.X.production.o 

Object code version is 3.11

Machine type is 12F675



                Name                               Link     Load   Length Selector   Space Scale
C:\Users\Family\AppData\Local\Temp\xcAsmqk.\driver_tmp_12.o
                end_init                              B        B        1        8       0
                reset_vec                             0        0        1        0       0
                config                             2007     2007        1        0       4
dist/default/production\testawy.X.production.o
                cinit                                 C        C        9        8       0
                intentry                              4        4        7        8       0
                config                             2007     2007        1        0       4
                text3                                A7       A7       31        8       0
                text2                                D8       D8       22        8       0
                text1                                FA       FA        B        8       0
                maintext                             15       15       92        8       0
                cstackBANK0                          20       20        F       20       1
                dataBANK0                            34       34        1       20       1
                bssBANK0                             2F       2F        5       20       1
                idataBANK0                          105      105        1        8       0

TOTAL           Name                               Link     Load   Length     Space
        CLASS   CODE           
                end_init                              B        B        1         0
                cinit                                 C        C        9         0
                intentry                              4        4        7         0
                reset_vec                             0        0        1         0
                text3                                A7       A7       31         0
                text2                                D8       D8       22         0
                text1                                FA       FA        B         0
                maintext                             15       15       92         0
                idataBANK0                          105      105        1         0

        CLASS   STRCODE        

        CLASS   STRING         

        CLASS   CONST          

        CLASS   ENTRY          

        CLASS   BANK0          
                cstackBANK0                          20       20        F         1
                dataBANK0                            34       34        1         1
                bssBANK0                             2F       2F        5         1

        CLASS   RAM            

        CLASS   ABS1           
                abs_s1                               5E       5E        2         1

        CLASS   COMMON         

        CLASS   SFR0           

        CLASS   SFR1           

        CLASS   CONFIG         
                config                             2007     2007        1         4

        CLASS   IDLOC          

        CLASS   EEDATA         

        CLASS   BANK1          

        CLASS   HEAP           

        CLASS   STACK          



SEGMENTS        Name                           Load    Length   Top    Selector   Space  Class     Delta

                reset_vec                      000000  000001  000001         0       0  CODE        2
                intentry                       000004  000102  000106         8       0  CODE        2
                cstackBANK0                    000020  000015  000035        20       1  BANK0       1


UNUSED ADDRESS RANGES

        Name                Unused          Largest block    Delta
        BANK0            0035-005D             29           1
        CODE             0001-0003              3           2
                         0106-03FE            2F9
        CONST            0001-0003              3           2
                         0106-03FE            100
        EEDATA           2100-217F             80           2
        ENTRY            0001-0003              3           2
                         0106-03FE            100
        IDLOC            2000-2003              4           2
        RAM              0035-005D             29           1
        SFR0             0000-001F             20           1
        SFR1             0080-00DD             5E           1
        STRCODE          0001-0003              3           2
                         0106-03FE            2F9
        STRING           0001-0003              3           2
                         0106-03FE            100

                                  Symbol Table

DioPinWrite@pinNumber    cstackBANK0  0026
DioPinWrite@state        cstackBANK0  0024
ISR@DebounceCounter      cstackBANK0  0023
_DioPinWrite             text2        00D8
_DioState                bssBANK0     0032
_DispenserOn             bssBANK0     0033
_GPIO                    (abs)        0005
_INTCON                  (abs)        000B
_IOC                     (abs)        0096
_ISR                     text3        00A7
_InitAll                 text1        00FA
_RepeatCounter           dataBANK0    0034
_RepeatFlag              bssBANK0     0030
_RepeatFlagEnable        bssBANK0     0031
_TRISIO                  (abs)        0085
_WPU                     (abs)        0095
__H__absolute__          __absolute__ 0000
__Habs1                  abs1         07FE
__Hbank0                 bank0        07FE
__Hbank1                 bank1        07FE
__HbssBANK0              bssBANK0     07FE
__Hcinit                 cinit        0015
__Hclrtext               clrtext      07FE
__Hcode                  code         07FE
__Hcommon                common       07FE
__Hconfig                config       2008
__HcstackBANK0           cstackBANK0  07FE
__HcstackCOMMON          cstackCOMMON 07FE
__HdataBANK0             dataBANK0    07FE
__Heeprom_data           eeprom_data  0000
__Hend_init              end_init     000C
__Hfunctab               functab      0000
__Hheap                  heap         07FE
__HidataBANK0            idataBANK0   07FE
__Hinit                  init         000B
__Hintentry              intentry     000B
__Hmaintext              maintext     07FE
__Hosccal                osccal       03FF
__Hpowerup               powerup      0000
__Hram                   ram          07FE
__Hreset_vec             reset_vec    0001
__Hsfr0                  sfr0         07FE
__Hsfr1                  sfr1         07FE
__Hsivt                  sivt         000B
__Hspace_0               (abs)        07FE
__Hspace_1               (abs)        07FE
__Hspace_2               (abs)        07FE
__Hspace_3               (abs)        0000
__Hspace_4               (abs)        400F
__Hstack                 stack        07FE
__Hstrings               strings      07FE
__Htext                  text         07FE
__L__absolute__          __absolute__ 0000
__Labs1                  abs1         07FE
__Lbank0                 bank0        07FE
__Lbank1                 bank1        07FE
__LbssBANK0              bssBANK0     07FE
__Lcinit                 cinit        000C
__Lclrtext               clrtext      07FE
__Lcode                  code         07FE
__Lcommon                common       07FE
__Lconfig                config       0000
__LcstackBANK0           cstackBANK0  07FE
__LcstackCOMMON          cstackCOMMON 07FE
__LdataBANK0             dataBANK0    07FE
__Leeprom_data           eeprom_data  0000
__Lend_init              end_init     000B
__Lfunctab               functab      0000
__Lheap                  heap         07FE
__LidataBANK0            idataBANK0   07FE
__Linit                  init         000B
__Lintentry              intentry     0004
__Lmaintext              maintext     07FE
__Losccal                osccal       03FF
__Lpowerup               powerup      0000
__Lram                   ram          07FE
__Lreset_vec             reset_vec    0000
__Lsfr0                  sfr0         07FE
__Lsfr1                  sfr1         07FE
__Lsivt                  sivt         000B
__Lspace_0               (abs)        0000
__Lspace_1               (abs)        0000
__Lspace_2               (abs)        0000
__Lspace_3               (abs)        0000
__Lspace_4               (abs)        0000
__Lstack                 stack        07FE
__Lstrings               strings      07FE
__Ltext                  text         07FE
__S0                     (abs)        0106
__S1                     (abs)        0035
__S3                     (abs)        0000
___heap_hi               (abs)        0000
___heap_lo               (abs)        0000
___int_sp                stack        07FE
___int_stack_hi          stack        07FE
___int_stack_lo          stack        07FE
___latbits               (abs)        0000
___osccal_val            osccal       03FF
___sp                    stack        07FE
___stack_hi              stack        07FE
___stack_lo              stack        07FE
___stackhi               (abs)        0000
___stacklo               (abs)        0000
__end_of_DioPinWrite     text2        00FA
__end_of_ISR             text3        00D8
__end_of_InitAll         text1        0105
__end_of__initialization cinit        0013
__end_of_main            maintext     00A7
__initialization         cinit        000C
__pbssBANK0              bssBANK0     002F
__pcstackBANK0           cstackBANK0  0020
__pcstackCOMMON          cstackCOMMON 0000
__pdataBANK0             dataBANK0    0034
__pidataBANK0            idataBANK0   0105
__pintentry              intentry     0004
__pmaintext              maintext     0015
__ptext1                 text1        00FA
__ptext2                 text2        00D8
__ptext3                 text3        00A7
_main                    maintext     0015
btemp                    (abs)        005E
end_of_initialization    cinit        0013
interrupt_function       intentry     0004
intlevel0                functab      0000
intlevel1                functab      0000
intlevel2                functab      0000
intlevel3                functab      0000
intlevel4                functab      0000
intlevel5                functab      0000
main@counter             cstackBANK0  002B
reset_vec                reset_vec    0000
saved_w                  (abs)        005E
start                    init         000B
start_initialization     cinit        000C
wtemp0                   (abs)        005E


MODULE INFORMATION

Module		Function		Class		Link	Load	Size
shared
		__initialization		CODE           	000C	0000	7

shared estimated size: 7

main.c
		_ISR           		CODE           	00A7	0000	49
		_main          		CODE           	0015	0000	146
		_InitAll       		CODE           	00FA	0000	11
		_DioPinWrite   		CODE           	00D8	0000	34

main.c estimated size: 240

